[p4_information_study] run_dir=C:\Users\sanja\Documents\Research\QPR-awqpe\research\results\p4_information_study\20260926T212553Z shards: 180 to run, 0 already done
  shard w4-4_S4_d16_c2 FAILED (see failed/w4-4_S4_d16_c2.txt)
  shard w4-4_S16_d16_c4 FAILED (see failed/w4-4_S16_d16_c4.txt)
  shard w4-4_S16_d16_c5 FAILED (see failed/w4-4_S16_d16_c5.txt)
  shard w4-4_S16_d64_c0 FAILED (see failed/w4-4_S16_d64_c0.txt)
  shard w4-4_S16_d64_c1 FAILED (see failed/w4-4_S16_d64_c1.txt)
  shard w4-4_S16_d64_c2 FAILED (see failed/w4-4_S16_d64_c2.txt)
  shard w4-4_S16_d64_c3 FAILED (see failed/w4-4_S16_d64_c3.txt)
  shard w4-4_S16_d64_c4 FAILED (see failed/w4-4_S16_d64_c4.txt)
  shard w4-4_S16_d64_c5 FAILED (see failed/w4-4_S16_d64_c5.txt)
  shard w4-4_S64_d64_c0 FAILED (see failed/w4-4_S64_d64_c0.txt)
  shard w4-4_S64_d64_c1 FAILED (see failed/w4-4_S64_d64_c1.txt)
  shard w4-4_S64_d64_c2 FAILED (see failed/w4-4_S64_d64_c2.txt)
  shard w4-4_S64_d64_c3 FAILED (see failed/w4-4_S64_d64_c3.txt)
  shard w4-4_S64_d64_c4 FAILED (see failed/w4-4_S64_d64_c4.txt)
  shard w4-4_S64_d64_c5 FAILED (see failed/w4-4_S64_d64_c5.txt)
  shard w4-4_S4_d16_c1 FAILED (see failed/w4-4_S4_d16_c1.txt)
  shard w4-4_S64_d256_c0 FAILED (see failed/w4-4_S64_d256_c0.txt)
  shard w4-4_S64_d256_c1 FAILED (see failed/w4-4_S64_d256_c1.txt)
  shard w4-4_S4_d4_c2 FAILED (see failed/w4-4_S4_d4_c2.txt)
  shard w4-4_S4_d4_c4 FAILED (see failed/w4-4_S4_d4_c4.txt)
  shard w4-4_S64_d256_c2 FAILED (see failed/w4-4_S64_d256_c2.txt)
  shard w4-4_S64_d256_c5 FAILED (see failed/w4-4_S64_d256_c5.txt)
  shard w4-4_S64_d256_c3 FAILED (see failed/w4-4_S64_d256_c3.txt)
  shard w3-2-3_S4_d4_c0 FAILED (see failed/w3-2-3_S4_d4_c0.txt)
  shard w3-2-3_S4_d4_c1 FAILED (see failed/w3-2-3_S4_d4_c1.txt)
  shard w4-4_S64_d256_c4 FAILED (see failed/w4-4_S64_d256_c4.txt)
  shard w3-2-3_S4_d4_c2 FAILED (see failed/w3-2-3_S4_d4_c2.txt)
  shard w3-2-3_S4_d4_c5 FAILED (see failed/w3-2-3_S4_d4_c5.txt)
  shard w3-2-3_S4_d4_c4 FAILED (see failed/w3-2-3_S4_d4_c4.txt)
  shard w3-2-3_S4_d4_c3 FAILED (see failed/w3-2-3_S4_d4_c3.txt)
  shard w3-2-3_S4_d16_c0 FAILED (see failed/w3-2-3_S4_d16_c0.txt)
  shard w3-2-3_S4_d16_c1 FAILED (see failed/w3-2-3_S4_d16_c1.txt)
  shard w3-2-3_S4_d16_c2 FAILED (see failed/w3-2-3_S4_d16_c2.txt)
  shard w3-2-3_S4_d16_c3 FAILED (see failed/w3-2-3_S4_d16_c3.txt)
  shard w3-2-3_S4_d16_c5 FAILED (see failed/w3-2-3_S4_d16_c5.txt)
  shard w3-2-3_S4_d16_c4 FAILED (see failed/w3-2-3_S4_d16_c4.txt)
  shard w3-2-3_S16_d16_c1 FAILED (see failed/w3-2-3_S16_d16_c1.txt)
  shard w3-2-3_S16_d16_c0 FAILED (see failed/w3-2-3_S16_d16_c0.txt)
  shard w3-2-3_S16_d16_c2 FAILED (see failed/w3-2-3_S16_d16_c2.txt)
  shard w3-2-3_S16_d16_c5 FAILED (see failed/w3-2-3_S16_d16_c5.txt)
  shard w3-2-3_S16_d16_c3 FAILED (see failed/w3-2-3_S16_d16_c3.txt)
  shard w3-2-3_S16_d16_c4 FAILED (see failed/w3-2-3_S16_d16_c4.txt)
  shard w3-2-3_S16_d64_c1 FAILED (see failed/w3-2-3_S16_d64_c1.txt)
  shard w3-2-3_S16_d64_c0 FAILED (see failed/w3-2-3_S16_d64_c0.txt)
  shard w3-2-3_S16_d64_c2 FAILED (see failed/w3-2-3_S16_d64_c2.txt)
  shard w3-2-3_S16_d64_c3 FAILED (see failed/w3-2-3_S16_d64_c3.txt)
  shard w3-2-3_S16_d64_c5 FAILED (see failed/w3-2-3_S16_d64_c5.txt)
  shard w3-2-3_S64_d64_c0 FAILED (see failed/w3-2-3_S64_d64_c0.txt)
  shard w3-2-3_S16_d64_c4 FAILED (see failed/w3-2-3_S16_d64_c4.txt)
  shard w3-2-3_S64_d64_c1 FAILED (see failed/w3-2-3_S64_d64_c1.txt)
  shard w3-2-3_S64_d64_c2 FAILED (see failed/w3-2-3_S64_d64_c2.txt)
  shard w3-2-3_S64_d64_c5 FAILED (see failed/w3-2-3_S64_d64_c5.txt)
  shard w3-2-3_S64_d64_c3 FAILED (see failed/w3-2-3_S64_d64_c3.txt)
  shard w3-2-3_S64_d64_c4 FAILED (see failed/w3-2-3_S64_d64_c4.txt)
  shard w3-2-3_S64_d256_c0 FAILED (see failed/w3-2-3_S64_d256_c0.txt)
  shard w3-2-3_S64_d256_c1 FAILED (see failed/w3-2-3_S64_d256_c1.txt)
  shard w3-2-3_S64_d256_c2 FAILED (see failed/w3-2-3_S64_d256_c2.txt)
  shard w3-2-3_S64_d256_c3 FAILED (see failed/w3-2-3_S64_d256_c3.txt)
  shard w3-2-3_S64_d256_c5 FAILED (see failed/w3-2-3_S64_d256_c5.txt)
  shard w3-2-3_S64_d256_c4 FAILED (see failed/w3-2-3_S64_d256_c4.txt)
  shard w2-2-2-2_S4_d4_c0 FAILED (see failed/w2-2-2-2_S4_d4_c0.txt)
  shard w2-2-2-2_S4_d4_c1 FAILED (see failed/w2-2-2-2_S4_d4_c1.txt)
  shard w2-2-2-2_S4_d4_c2 FAILED (see failed/w2-2-2-2_S4_d4_c2.txt)
  shard w4-4_S4_d4_c5 FAILED (see failed/w4-4_S4_d4_c5.txt)
  shard w2-2-2-2_S4_d4_c3 FAILED (see failed/w2-2-2-2_S4_d4_c3.txt)
  shard w4-4_S4_d4_c1 FAILED (see failed/w4-4_S4_d4_c1.txt)
  shard w2-2-2-2_S4_d4_c4 FAILED (see failed/w2-2-2-2_S4_d4_c4.txt)
  shard w2-2-2-2_S4_d16_c0 FAILED (see failed/w2-2-2-2_S4_d16_c0.txt)
  shard w2-2-2-2_S4_d16_c1 FAILED (see failed/w2-2-2-2_S4_d16_c1.txt)
  shard w2-2-2-2_S4_d16_c2 FAILED (see failed/w2-2-2-2_S4_d16_c2.txt)
  shard w2-2-2-2_S4_d4_c5 FAILED (see failed/w2-2-2-2_S4_d4_c5.txt)
  shard w2-2-2-2_S4_d16_c3 FAILED (see failed/w2-2-2-2_S4_d16_c3.txt)
  shard w2-2-2-2_S4_d16_c4 FAILED (see failed/w2-2-2-2_S4_d16_c4.txt)
  shard w2-2-2-2_S4_d16_c5 FAILED (see failed/w2-2-2-2_S4_d16_c5.txt)
  shard w4-4_S4_d4_c0 FAILED (see failed/w4-4_S4_d4_c0.txt)
  shard w2-2-2-2_S16_d16_c0 FAILED (see failed/w2-2-2-2_S16_d16_c0.txt)
  shard w2-2-2-2_S16_d16_c1 FAILED (see failed/w2-2-2-2_S16_d16_c1.txt)
  shard w2-2-2-2_S16_d16_c3 FAILED (see failed/w2-2-2-2_S16_d16_c3.txt)
  shard w2-2-2-2_S16_d16_c4 FAILED (see failed/w2-2-2-2_S16_d16_c4.txt)
  shard w2-2-2-2_S16_d16_c2 FAILED (see failed/w2-2-2-2_S16_d16_c2.txt)
  shard w2-2-2-2_S16_d64_c0 FAILED (see failed/w2-2-2-2_S16_d64_c0.txt)
  shard w2-2-2-2_S16_d64_c1 FAILED (see failed/w2-2-2-2_S16_d64_c1.txt)
  shard w2-2-2-2_S16_d64_c2 FAILED (see failed/w2-2-2-2_S16_d64_c2.txt)
  shard w2-2-2-2_S16_d64_c5 FAILED (see failed/w2-2-2-2_S16_d64_c5.txt)
  shard w2-2-2-2_S16_d64_c3 FAILED (see failed/w2-2-2-2_S16_d64_c3.txt)
  shard w2-2-2-2_S16_d64_c4 FAILED (see failed/w2-2-2-2_S16_d64_c4.txt)
  shard w2-2-2-2_S64_d64_c0 FAILED (see failed/w2-2-2-2_S64_d64_c0.txt)
  shard w2-2-2-2_S64_d64_c1 FAILED (see failed/w2-2-2-2_S64_d64_c1.txt)
  shard w2-2-2-2_S64_d64_c4 FAILED (see failed/w2-2-2-2_S64_d64_c4.txt)
  shard w2-2-2-2_S64_d64_c3 FAILED (see failed/w2-2-2-2_S64_d64_c3.txt)
  shard w2-2-2-2_S64_d64_c2 FAILED (see failed/w2-2-2-2_S64_d64_c2.txt)
  shard w2-2-2-2_S64_d256_c0 FAILED (see failed/w2-2-2-2_S64_d256_c0.txt)
  shard w2-2-2-2_S64_d256_c1 FAILED (see failed/w2-2-2-2_S64_d256_c1.txt)
  shard w2-2-2-2_S64_d256_c2 FAILED (see failed/w2-2-2-2_S64_d256_c2.txt)
  shard w2-2-2-2_S64_d256_c4 FAILED (see failed/w2-2-2-2_S64_d256_c4.txt)
  shard w2-2-2-2_S64_d256_c5 FAILED (see failed/w2-2-2-2_S64_d256_c5.txt)
  shard w2-2-2-2_S64_d64_c5 FAILED (see failed/w2-2-2-2_S64_d64_c5.txt)
  shard w2-2-2-2_S64_d256_c3 FAILED (see failed/w2-2-2-2_S64_d256_c3.txt)
  shard w4-4-4_S4_d4_c5 FAILED (see failed/w4-4-4_S4_d4_c5.txt)
  shard w4-4-4_S4_d4_c3 FAILED (see failed/w4-4-4_S4_d4_c3.txt)
  shard w4-4-4_S4_d4_c0 FAILED (see failed/w4-4-4_S4_d4_c0.txt)
  shard w4-4-4_S4_d4_c1 FAILED (see failed/w4-4-4_S4_d4_c1.txt)
  shard w4-4-4_S4_d4_c2 FAILED (see failed/w4-4-4_S4_d4_c2.txt)
  shard w4-4-4_S4_d4_c4 FAILED (see failed/w4-4-4_S4_d4_c4.txt)
  shard w4-4-4_S4_d16_c5 FAILED (see failed/w4-4-4_S4_d16_c5.txt)
  shard w4-4-4_S4_d16_c0 FAILED (see failed/w4-4-4_S4_d16_c0.txt)
  shard w4-4-4_S4_d16_c1 FAILED (see failed/w4-4-4_S4_d16_c1.txt)
  shard w4-4-4_S4_d16_c2 FAILED (see failed/w4-4-4_S4_d16_c2.txt)
  shard w4-4-4_S4_d16_c3 FAILED (see failed/w4-4-4_S4_d16_c3.txt)
  shard w4-4-4_S4_d16_c4 FAILED (see failed/w4-4-4_S4_d16_c4.txt)
  shard w4-4-4_S16_d16_c0 FAILED (see failed/w4-4-4_S16_d16_c0.txt)
  shard w4-4-4_S16_d16_c5 FAILED (see failed/w4-4-4_S16_d16_c5.txt)
  shard w4-4-4_S16_d16_c1 FAILED (see failed/w4-4-4_S16_d16_c1.txt)
  shard w4-4-4_S16_d16_c2 FAILED (see failed/w4-4-4_S16_d16_c2.txt)
  shard w4-4-4_S16_d16_c3 FAILED (see failed/w4-4-4_S16_d16_c3.txt)
  shard w4-4-4_S16_d16_c4 FAILED (see failed/w4-4-4_S16_d16_c4.txt)
  shard w4-4-4_S16_d64_c0 FAILED (see failed/w4-4-4_S16_d64_c0.txt)
  shard w4-4-4_S16_d64_c5 FAILED (see failed/w4-4-4_S16_d64_c5.txt)
  shard w4-4-4_S16_d64_c1 FAILED (see failed/w4-4-4_S16_d64_c1.txt)
  shard w4-4-4_S16_d64_c2 FAILED (see failed/w4-4-4_S16_d64_c2.txt)
  shard w4-4-4_S16_d64_c3 FAILED (see failed/w4-4-4_S16_d64_c3.txt)
  shard w4-4-4_S16_d64_c4 FAILED (see failed/w4-4-4_S16_d64_c4.txt)
  shard w4-4-4_S64_d64_c0 FAILED (see failed/w4-4-4_S64_d64_c0.txt)
  shard w4-4-4_S64_d64_c5 FAILED (see failed/w4-4-4_S64_d64_c5.txt)
  shard w4-4-4_S64_d64_c1 FAILED (see failed/w4-4-4_S64_d64_c1.txt)
  shard w4-4-4_S64_d64_c3 FAILED (see failed/w4-4-4_S64_d64_c3.txt)
  shard w4-4-4_S64_d64_c2 FAILED (see failed/w4-4-4_S64_d64_c2.txt)
  shard w4-4-4_S64_d64_c4 FAILED (see failed/w4-4-4_S64_d64_c4.txt)
  shard w4-4-4_S64_d256_c5 FAILED (see failed/w4-4-4_S64_d256_c5.txt)
  shard w4-4-4_S64_d256_c1 FAILED (see failed/w4-4-4_S64_d256_c1.txt)
  shard w4-4-4_S64_d256_c3 FAILED (see failed/w4-4-4_S64_d256_c3.txt)
  shard w4-4-4_S64_d256_c0 FAILED (see failed/w4-4-4_S64_d256_c0.txt)
  shard w4-4-4_S64_d256_c4 FAILED (see failed/w4-4-4_S64_d256_c4.txt)
  shard w4-4-4_S64_d256_c2 FAILED (see failed/w4-4-4_S64_d256_c2.txt)
  shard w3-3-3-3_S4_d4_c0 FAILED (see failed/w3-3-3-3_S4_d4_c0.txt)
  shard w3-3-3-3_S4_d4_c1 FAILED (see failed/w3-3-3-3_S4_d4_c1.txt)
  shard w3-3-3-3_S4_d4_c5 FAILED (see failed/w3-3-3-3_S4_d4_c5.txt)
  shard w3-3-3-3_S4_d4_c3 FAILED (see failed/w3-3-3-3_S4_d4_c3.txt)
  shard w3-3-3-3_S4_d4_c2 FAILED (see failed/w3-3-3-3_S4_d4_c2.txt)
  shard w3-3-3-3_S4_d4_c4 FAILED (see failed/w3-3-3-3_S4_d4_c4.txt)
  shard w3-3-3-3_S4_d16_c0 FAILED (see failed/w3-3-3-3_S4_d16_c0.txt)
  shard w3-3-3-3_S4_d16_c5 FAILED (see failed/w3-3-3-3_S4_d16_c5.txt)
  shard w3-3-3-3_S4_d16_c2 FAILED (see failed/w3-3-3-3_S4_d16_c2.txt)
  shard w3-3-3-3_S4_d16_c1 FAILED (see failed/w3-3-3-3_S4_d16_c1.txt)
  shard w3-3-3-3_S4_d16_c3 FAILED (see failed/w3-3-3-3_S4_d16_c3.txt)
  shard w3-3-3-3_S16_d16_c0 FAILED (see failed/w3-3-3-3_S16_d16_c0.txt)
  shard w3-3-3-3_S4_d16_c4 FAILED (see failed/w3-3-3-3_S4_d16_c4.txt)
  shard w3-3-3-3_S16_d16_c2 FAILED (see failed/w3-3-3-3_S16_d16_c2.txt)
  shard w3-3-3-3_S16_d16_c1 FAILED (see failed/w3-3-3-3_S16_d16_c1.txt)
  shard w3-3-3-3_S16_d16_c5 FAILED (see failed/w3-3-3-3_S16_d16_c5.txt)
  shard w3-3-3-3_S16_d16_c3 FAILED (see failed/w3-3-3-3_S16_d16_c3.txt)
  shard w3-3-3-3_S16_d16_c4 FAILED (see failed/w3-3-3-3_S16_d16_c4.txt)
  shard w3-3-3-3_S16_d64_c1 FAILED (see failed/w3-3-3-3_S16_d64_c1.txt)
  shard w3-3-3-3_S16_d64_c0 FAILED (see failed/w3-3-3-3_S16_d64_c0.txt)
  shard w3-3-3-3_S16_d64_c5 FAILED (see failed/w3-3-3-3_S16_d64_c5.txt)
  shard w3-3-3-3_S16_d64_c2 FAILED (see failed/w3-3-3-3_S16_d64_c2.txt)
  shard w3-3-3-3_S16_d64_c3 FAILED (see failed/w3-3-3-3_S16_d64_c3.txt)
  shard w3-3-3-3_S16_d64_c4 FAILED (see failed/w3-3-3-3_S16_d64_c4.txt)
  shard w3-3-3-3_S64_d64_c0 FAILED (see failed/w3-3-3-3_S64_d64_c0.txt)
  shard w3-3-3-3_S64_d64_c5 FAILED (see failed/w3-3-3-3_S64_d64_c5.txt)
  shard w3-3-3-3_S64_d64_c1 FAILED (see failed/w3-3-3-3_S64_d64_c1.txt)
  shard w3-3-3-3_S64_d64_c3 FAILED (see failed/w3-3-3-3_S64_d64_c3.txt)
  shard w3-3-3-3_S64_d64_c2 FAILED (see failed/w3-3-3-3_S64_d64_c2.txt)
  shard w2-2-2-2_S16_d16_c5 FAILED (see failed/w2-2-2-2_S16_d16_c5.txt)
  shard w3-3-3-3_S64_d256_c1 FAILED (see failed/w3-3-3-3_S64_d256_c1.txt)
  shard w3-3-3-3_S64_d64_c4 FAILED (see failed/w3-3-3-3_S64_d64_c4.txt)
  shard w3-3-3-3_S64_d256_c3 FAILED (see failed/w3-3-3-3_S64_d256_c3.txt)
  shard w3-3-3-3_S64_d256_c5 FAILED (see failed/w3-3-3-3_S64_d256_c5.txt)
  shard w3-3-3-3_S64_d256_c0 FAILED (see failed/w3-3-3-3_S64_d256_c0.txt)
  shard w3-3-3-3_S64_d256_c2 FAILED (see failed/w3-3-3-3_S64_d256_c2.txt)
  shard w3-3-3-3_S64_d256_c4 FAILED (see failed/w3-3-3-3_S64_d256_c4.txt)
  shard w4-4_S4_d4_c3 FAILED (see failed/w4-4_S4_d4_c3.txt)
  shard w4-4_S4_d16_c0 FAILED (see failed/w4-4_S4_d16_c0.txt)
  shard w4-4_S4_d16_c3 FAILED (see failed/w4-4_S4_d16_c3.txt)
  shard w4-4_S4_d16_c4 FAILED (see failed/w4-4_S4_d16_c4.txt)
  shard w4-4_S4_d16_c5 FAILED (see failed/w4-4_S4_d16_c5.txt)
  shard w4-4_S16_d16_c0 FAILED (see failed/w4-4_S16_d16_c0.txt)
  shard w4-4_S16_d16_c1 FAILED (see failed/w4-4_S16_d16_c1.txt)
  shard w4-4_S16_d16_c2 FAILED (see failed/w4-4_S16_d16_c2.txt)
  shard w4-4_S16_d16_c3 FAILED (see failed/w4-4_S16_d16_c3.txt)
[p4_information_study] finished: 0 done, 180 failed -> C:\Users\sanja\Documents\Research\QPR-awqpe\research\results\p4_information_study\20260926T212553Z
